Waiting for ./logs/conn.log...
Waiting for ./logs/dns.log...
Waiting for ./logs/ssl.log...Tailer running. Press Ctrl+C to stop.

Started tailing ./logs/conn.log
Started tailing ./logs/dns.log
Started tailing ./logs/ssl.log
[conn] Successfully parsed and dispatched 1000 events...
[conn] Successfully parsed and dispatched 2000 events...
[conn] Successfully parsed and dispatched 3000 events...
[conn] Successfully parsed and dispatched 4000 events...
[dns] Successfully parsed and dispatched 1000 events...
[conn] Successfully parsed and dispatched 5000 events...
[dns] Successfully parsed and dispatched 2000 events...
[conn] Successfully parsed and dispatched 6000 events...
[dns] Successfully parsed and dispatched 3000 events...
[conn] Successfully parsed and dispatched 7000 events...
[dns] Successfully parsed and dispatched 4000 events...
[conn] Successfully parsed and dispatched 8000 events...
[dns] Successfully parsed and dispatched 5000 events...
[conn] Successfully parsed and dispatched 9000 events...
[dns] Successfully parsed and dispatched 6000 events...
[conn] Successfully parsed and dispatched 10000 events...
[dns] Successfully parsed and dispatched 7000 events...
[conn] Successfully parsed and dispatched 11000 events...
[dns] Successfully parsed and dispatched 8000 events...
[conn] Successfully parsed and dispatched 12000 events...
[dns] Successfully parsed and dispatched 9000 events...
[conn] Successfully parsed and dispatched 13000 events...
[dns] Successfully parsed and dispatched 10000 events...
[conn] Successfully parsed and dispatched 14000 events...
[dns] Successfully parsed and dispatched 11000 events...
[conn] Successfully parsed and dispatched 15000 events...
[dns] Successfully parsed and dispatched 12000 events...
[conn] Successfully parsed and dispatched 16000 events...
[dns] Successfully parsed and dispatched 13000 events...
